Microchip MPLAB XC8 Compiler V2.36

Linker command line:

-W-3 --edf=C:\Program Files\Microchip\xc8\v2.36\pic\dat\en_msgs.txt -cn \
  -h+dist/default/production\LED_DICE.X.production.sym \
  --cmf=dist/default/production\LED_DICE.X.production.cmf -z -Q12F1822 \
  -oC:\Users\hiro\AppData\Local\Temp\xcAs8ng.4 --defsym=__MPLAB_BUILD=1 \
  -Mdist/default/production/LED_DICE.X.production.map \
  --md=C:\Users\hiro\AppData\Local\Temp\xcAs8ng.dat -E1 -ver=XC8 Compiler \
  --acfsm=1493 -ACODE=00h-07FFh -ASTRCODE=00h-07FFh -ASTRING=00h-0FFhx8 \
  -ACONST=00h-0FFhx8 -AENTRY=00h-0FFhx8 -ACOMMON=070h-07Fh \
  -ABANK0=020h-06Fh -ABANK1=0A0h-0BFh -ABIGRAM=02000h-0206Fh \
  -ARAM=020h-06Fh,0A0h-0BFh -AABS1=020h-07Fh,0A0h-0BFh -ASFR0=00h-01Fh \
  -ASFR1=080h-09Fh -ASFR2=0100h-016Fh -ASFR3=0180h-01EFh -ASFR4=0200h-026Fh \
  -ASFR5=0280h-02EFh -ASFR6=0300h-036Fh -ASFR7=0380h-03EFh \
  -ASFR8=0400h-046Fh -ASFR9=0480h-04EFh -ASFR10=0500h-056Fh \
  -ASFR11=0580h-05EFh -ASFR12=0600h-066Fh -ASFR13=0680h-06EFh \
  -ASFR14=0700h-076Fh -ASFR15=0780h-07EFh -ASFR16=0800h-086Fh \
  -ASFR17=0880h-08EFh -ASFR18=0900h-096Fh -ASFR19=0980h-09EFh \
  -ASFR20=0A00h-0A6Fh -ASFR21=0A80h-0AEFh -ASFR22=0B00h-0B6Fh \
  -ASFR23=0B80h-0BEFh -ASFR24=0C00h-0C6Fh -ASFR25=0C80h-0CEFh \
  -ASFR26=0D00h-0D6Fh -ASFR27=0D80h-0DEFh -ASFR28=0E00h-0E6Fh \
  -ASFR29=0E80h-0EEFh -ASFR30=0F00h-0F6Fh -ASFR31=0F80h-0FEFh \
  -ACONFIG=08007h-08008h -DCONFIG=2 -AIDLOC=08000h-08003h -DIDLOC=2 \
  -AEEDATA=00h-0FFh/0F000h -peeprom_data=EEDATA -DEEDATA=2 -DCODE=2 \
  -DSTRCODE=2 -DSTRING=2 -DCONST=2 -DENTRY=2 \
  -preset_vec=00h,intentry,init,end_init -ppowerup=CODE -pcinit=CODE \
  -pfunctab=ENTRY -k C:\Users\hiro\AppData\Local\Temp\xcAs8ng.o \
  dist/default/production\LED_DICE.X.production.o 

Object code version is 3.11

Machine type is 12F1822



                Name                               Link     Load   Length Selector   Space Scale
C:\Users\hiro\AppData\Local\Temp\xcAs8ng.o
                end_init                              1        1        1        0       0
                reset_vec                             0        0        1        0       0
                config                             8007     8007        2        0       4
dist/default/production\LED_DICE.X.production.o
                cinit                               7EC      7EC       14      FD8       0
                config                             8007     8007        2        0       4
                text11                              619      619        8      C32       0
                text10                              612      612        7      C24       0
                text9                               636      636        F      C6C       0
                text8                               608      608        4      C10       0
                text7                               629      629        D      C52       0
                text6                               727      727       54      E4E       0
                text5                               676      676       33      CEC       0
                text4                               6A9      6A9       3C      D52       0
                text3                               77B      77B       71      EF6       0
                text2                               621      621        8      C42       0
                text1                               6E5      6E5       42      DCA       0
                maintext                            655      655       21      CAA       0
                cstackBANK0                          20       20       15       20       1
                cstackCOMMON                         70       70        E       70       1
                inittext                            60C      60C        6      C18       0
                dataBANK0                            35       35       10       20       1
                bssBANK0                             45       45        6       20       1
                idataBANK0                          645      645       10      C8A       0

TOTAL           Name                               Link     Load   Length     Space
        CLASS   CODE           
                end_init                              1        1        1         0
                cinit                               7EC      7EC       14         0
                reset_vec                             0        0        1         0
                text11                              619      619        8         0
                text10                              612      612        7         0
                text9                               636      636        F         0
                text8                               608      608        4         0
                text7                               629      629        D         0
                text6                               727      727       54         0
                text5                               676      676       33         0
                text4                               6A9      6A9       3C         0
                text3                               77B      77B       71         0
                text2                               621      621        8         0
                text1                               6E5      6E5       42         0
                maintext                            655      655       21         0
                inittext                            60C      60C        6         0
                idataBANK0                          645      645       10         0

        CLASS   STRCODE        

        CLASS   STRING         

        CLASS   CONST          

        CLASS   ENTRY          

        CLASS   COMMON         
                cstackCOMMON                         70       70        E         1

        CLASS   BANK0          
                cstackBANK0                          20       20       15         1
                dataBANK0                            35       35       10         1
                bssBANK0                             45       45        6         1

        CLASS   BANK1          

        CLASS   BIGRAM         

        CLASS   RAM            

        CLASS   ABS1           
                abs_s1                               7E       7E        2         1

        CLASS   SFR0           

        CLASS   SFR1           

        CLASS   SFR2           

        CLASS   SFR3           

        CLASS   SFR4           

        CLASS   SFR5           

        CLASS   SFR6           

        CLASS   SFR7           

        CLASS   SFR8           

        CLASS   SFR9           

        CLASS   SFR10          

        CLASS   SFR11          

        CLASS   SFR12          

        CLASS   SFR13          

        CLASS   SFR14          

        CLASS   SFR15          

        CLASS   SFR16          

        CLASS   SFR17          

        CLASS   SFR18          

        CLASS   SFR19          

        CLASS   SFR20          

        CLASS   SFR21          

        CLASS   SFR22          

        CLASS   SFR23          

        CLASS   SFR24          

        CLASS   SFR25          

        CLASS   SFR26          

        CLASS   SFR27          

        CLASS   SFR28          

        CLASS   SFR29          

        CLASS   SFR30          

        CLASS   SFR31          

        CLASS   CONFIG         
                config                             8007     8007        2         4

        CLASS   IDLOC          

        CLASS   EEDATA         

        CLASS   BANK31         

        CLASS   BANK30         

        CLASS   BANK29         

        CLASS   BANK28         

        CLASS   BANK27         

        CLASS   BANK26         

        CLASS   BANK25         

        CLASS   BANK24         

        CLASS   BANK23         

        CLASS   BANK22         

        CLASS   BANK21         

        CLASS   BANK20         

        CLASS   BANK19         

        CLASS   BANK18         

        CLASS   BANK17         

        CLASS   BANK16         

        CLASS   BANK15         

        CLASS   BANK14         

        CLASS   BANK13         

        CLASS   BANK12         

        CLASS   BANK11         

        CLASS   BANK10         

        CLASS   BANK9          

        CLASS   BANK8          

        CLASS   BANK7          

        CLASS   BANK6          

        CLASS   BANK5          

        CLASS   BANK4          

        CLASS   BANK3          

        CLASS   BANK2          

        CLASS   HEAP           

        CLASS   STACK          



SEGMENTS        Name                           Load    Length   Top    Selector   Space  Class     Delta

                reset_vec                      000000  000002  000002         0       0  CODE        2
                cstackBANK0                    000020  00002B  00004B        20       1  BANK0       1
                cstackCOMMON                   000070  00000E  00007E        70       1  COMMON      1
                text8                          000608  000004  00060C       C10       0  CODE        2
                inittext                       00060C  000006  000612       C18       0  CODE        2
                text10                         000612  000007  000619       C24       0  CODE        2
                text11                         000619  000008  000621       C32       0  CODE        2
                text2                          000621  000008  000629       C42       0  CODE        2
                text7                          000629  00000D  000636       C52       0  CODE        2
                text9                          000636  00000F  000645       C6C       0  CODE        2
                idataBANK0                     000645  000010  000655       C8A       0  CODE        2
                maintext                       000655  000021  000676       CAA       0  CODE        2
                text5                          000676  000033  0006A9       CEC       0  CODE        2
                text4                          0006A9  00003C  0006E5       D52       0  CODE        2
                text1                          0006E5  000042  000727       DCA       0  CODE        2
                text6                          000727  000054  00077B       E4E       0  CODE        2
                text3                          00077B  000071  0007EC       EF6       0  CODE        2
                cinit                          0007EC  000014  000800       FD8       0  CODE        2


UNUSED ADDRESS RANGES

        Name                Unused          Largest block    Delta
        BANK0            0004B-0006F              25           1
        BANK1            000A0-000BF              20           1
        BIGRAM           02000-0206F              70           1
        CODE             00002-00607             606           2
        CONST            00002-00607             100           2
        EEDATA           0F000-0F0FF             100           2
        ENTRY            00002-00607             100           2
        IDLOC            08000-08003               4           2
        RAM              0004B-0006F              25           1
                         000A0-000BF              20
        SFR0             00000-0001F              20           1
        SFR1             00080-0009F              20           1
        SFR10            00500-0056F              70           1
        SFR11            00580-005EF              70           1
        SFR12            00600-0066F              70           1
        SFR13            00680-006EF              70           1
        SFR14            00700-0076F              70           1
        SFR15            00780-007EF              70           1
        SFR16            00800-0086F              70           1
        SFR17            00880-008EF              70           1
        SFR18            00900-0096F              70           1
        SFR19            00980-009EF              70           1
        SFR2             00100-0016F              70           1
        SFR20            00A00-00A6F              70           1
        SFR21            00A80-00AEF              70           1
        SFR22            00B00-00B6F              70           1
        SFR23            00B80-00BEF              70           1
        SFR24            00C00-00C6F              70           1
        SFR25            00C80-00CEF              70           1
        SFR26            00D00-00D6F              70           1
        SFR27            00D80-00DEF              70           1
        SFR28            00E00-00E6F              70           1
        SFR29            00E80-00EEF              70           1
        SFR3             00180-001EF              70           1
        SFR30            00F00-00F6F              70           1
        SFR31            00F80-00FEF              70           1
        SFR4             00200-0026F              70           1
        SFR5             00280-002EF              70           1
        SFR6             00300-0036F              70           1
        SFR7             00380-003EF              70           1
        SFR8             00400-0046F              70           1
        SFR9             00480-004EF              70           1
        STRCODE          00002-00607             606           2
        STRING           00002-00607             100           2

                                  Symbol Table

?___awmod                       cstackBANK0  00025
?___lmul                        cstackCOMMON 00070
?_rand                          cstackCOMMON 0007C
_ADCON0                         (abs)        0009D
_ADCON0bits                     (abs)        0009D
_ADCON1                         (abs)        0009E
_ADC_Initialize                 text11       00619
_ADRESH                         (abs)        0009C
_ADRESL                         (abs)        0009B
_ANSA2                          (abs)        00C62
_ANSELA                         (abs)        0018C
_APFCON                         (abs)        0011D
_BORCON                         (abs)        00116
_CCP1CON                        (abs)        00293
_CCPR1L                         (abs)        00291
_DICE                           dataBANK0    00035
_GO_nDONE                       (abs)        004E9
_LATA                           (abs)        0010C
_OPTION_REGbits                 (abs)        00095
_OSCCON                         (abs)        00099
_OSCILLATOR_Initialize          text10       00612
_OSCTUNE                        (abs)        00098
_PIN_MANAGER_Initialize         text9        00636
_PORTA                          (abs)        0000C
_PR2                            (abs)        0001B
_SYSTEM_Initialize              text7        00629
_T2CON                          (abs)        0001C
_TMR2IF                         (abs)        00089
_TMR2ON                         (abs)        000E2
_TRISA                          (abs)        0008C
_TRISA2                         (abs)        00462
_WDTCON                         (abs)        00097
_WDT_Initialize                 text8        00608
_WPUA                           (abs)        0020C
_WPUA2                          (abs)        01062
__Habs1                         abs1         00000
__Hbank0                        bank0        00000
__Hbank1                        bank1        00000
__Hbank10                       bank10       00000
__Hbank11                       bank11       00000
__Hbank12                       bank12       00000
__Hbank13                       bank13       00000
__Hbank14                       bank14       00000
__Hbank15                       bank15       00000
__Hbank16                       bank16       00000
__Hbank17                       bank17       00000
__Hbank18                       bank18       00000
__Hbank19                       bank19       00000
__Hbank2                        bank2        00000
__Hbank20                       bank20       00000
__Hbank21                       bank21       00000
__Hbank22                       bank22       00000
__Hbank23                       bank23       00000
__Hbank24                       bank24       00000
__Hbank25                       bank25       00000
__Hbank26                       bank26       00000
__Hbank27                       bank27       00000
__Hbank28                       bank28       00000
__Hbank29                       bank29       00000
__Hbank3                        bank3        00000
__Hbank30                       bank30       00000
__Hbank31                       bank31       00000
__Hbank4                        bank4        00000
__Hbank5                        bank5        00000
__Hbank6                        bank6        00000
__Hbank7                        bank7        00000
__Hbank8                        bank8        00000
__Hbank9                        bank9        00000
__Hbigram                       bigram       00000
__HbssBANK0                     bssBANK0     00000
__Hcinit                        cinit        00800
__Hclrtext                      clrtext      00000
__Hcode                         code         00000
__Hcommon                       common       00000
__Hconfig                       config       08009
__HcstackBANK0                  cstackBANK0  00000
__HcstackCOMMON                 cstackCOMMON 00000
__HdataBANK0                    dataBANK0    00000
__Heeprom_data                  eeprom_data  00000
__Hend_init                     end_init     00002
__Hfunctab                      functab      00000
__Hheap                         heap         00000
__HidataBANK0                   idataBANK0   00000
__Hinit                         init         00001
__Hinittext                     inittext     00000
__Hintentry                     intentry     00001
__Hmaintext                     maintext     00000
__Hpowerup                      powerup      00000
__Hram                          ram          00000
__Hreset_vec                    reset_vec    00001
__Hsfr0                         sfr0         00000
__Hsfr1                         sfr1         00000
__Hsfr10                        sfr10        00000
__Hsfr11                        sfr11        00000
__Hsfr12                        sfr12        00000
__Hsfr13                        sfr13        00000
__Hsfr14                        sfr14        00000
__Hsfr15                        sfr15        00000
__Hsfr16                        sfr16        00000
__Hsfr17                        sfr17        00000
__Hsfr18                        sfr18        00000
__Hsfr19                        sfr19        00000
__Hsfr2                         sfr2         00000
__Hsfr20                        sfr20        00000
__Hsfr21                        sfr21        00000
__Hsfr22                        sfr22        00000
__Hsfr23                        sfr23        00000
__Hsfr24                        sfr24        00000
__Hsfr25                        sfr25        00000
__Hsfr26                        sfr26        00000
__Hsfr27                        sfr27        00000
__Hsfr28                        sfr28        00000
__Hsfr29                        sfr29        00000
__Hsfr3                         sfr3         00000
__Hsfr30                        sfr30        00000
__Hsfr31                        sfr31        00000
__Hsfr4                         sfr4         00000
__Hsfr5                         sfr5         00000
__Hsfr6                         sfr6         00000
__Hsfr7                         sfr7         00000
__Hsfr8                         sfr8         00000
__Hsfr9                         sfr9         00000
__Hspace_0                      (abs)        00800
__Hspace_1                      (abs)        0007E
__Hspace_2                      (abs)        00000
__Hspace_3                      (abs)        00000
__Hspace_4                      (abs)        10010
__Hstack                        stack        00000
__Hstrings                      strings      00000
__Htext                         text         00000
__Labs1                         abs1         00000
__Lbank0                        bank0        00000
__Lbank1                        bank1        00000
__Lbank10                       bank10       00000
__Lbank11                       bank11       00000
__Lbank12                       bank12       00000
__Lbank13                       bank13       00000
__Lbank14                       bank14       00000
__Lbank15                       bank15       00000
__Lbank16                       bank16       00000
__Lbank17                       bank17       00000
__Lbank18                       bank18       00000
__Lbank19                       bank19       00000
__Lbank2                        bank2        00000
__Lbank20                       bank20       00000
__Lbank21                       bank21       00000
__Lbank22                       bank22       00000
__Lbank23                       bank23       00000
__Lbank24                       bank24       00000
__Lbank25                       bank25       00000
__Lbank26                       bank26       00000
__Lbank27                       bank27       00000
__Lbank28                       bank28       00000
__Lbank29                       bank29       00000
__Lbank3                        bank3        00000
__Lbank30                       bank30       00000
__Lbank31                       bank31       00000
__Lbank4                        bank4        00000
__Lbank5                        bank5        00000
__Lbank6                        bank6        00000
__Lbank7                        bank7        00000
__Lbank8                        bank8        00000
__Lbank9                        bank9        00000
__Lbigram                       bigram       00000
__LbssBANK0                     bssBANK0     00000
__Lcinit                        cinit        007EC
__Lclrtext                      clrtext      00000
__Lcode                         code         00000
__Lcommon                       common       00000
__Lconfig                       config       00000
__LcstackBANK0                  cstackBANK0  00000
__LcstackCOMMON                 cstackCOMMON 00000
__LdataBANK0                    dataBANK0    00000
__Leeprom_data                  eeprom_data  00000
__Lend_init                     end_init     00001
__Lfunctab                      functab      00000
__Lheap                         heap         00000
__LidataBANK0                   idataBANK0   00000
__Linit                         init         00001
__Linittext                     inittext     00000
__Lintentry                     intentry     00001
__Lmaintext                     maintext     00000
__Lpowerup                      powerup      00000
__Lram                          ram          00000
__Lreset_vec                    reset_vec    00000
__Lsfr0                         sfr0         00000
__Lsfr1                         sfr1         00000
__Lsfr10                        sfr10        00000
__Lsfr11                        sfr11        00000
__Lsfr12                        sfr12        00000
__Lsfr13                        sfr13        00000
__Lsfr14                        sfr14        00000
__Lsfr15                        sfr15        00000
__Lsfr16                        sfr16        00000
__Lsfr17                        sfr17        00000
__Lsfr18                        sfr18        00000
__Lsfr19                        sfr19        00000
__Lsfr2                         sfr2         00000
__Lsfr20                        sfr20        00000
__Lsfr21                        sfr21        00000
__Lsfr22                        sfr22        00000
__Lsfr23                        sfr23        00000
__Lsfr24                        sfr24        00000
__Lsfr25                        sfr25        00000
__Lsfr26                        sfr26        00000
__Lsfr27                        sfr27        00000
__Lsfr28                        sfr28        00000
__Lsfr29                        sfr29        00000
__Lsfr3                         sfr3         00000
__Lsfr30                        sfr30        00000
__Lsfr31                        sfr31        00000
__Lsfr4                         sfr4         00000
__Lsfr5                         sfr5         00000
__Lsfr6                         sfr6         00000
__Lsfr7                         sfr7         00000
__Lsfr8                         sfr8         00000
__Lsfr9                         sfr9         00000
__Lspace_0                      (abs)        00000
__Lspace_1                      (abs)        00000
__Lspace_2                      (abs)        00000
__Lspace_3                      (abs)        00000
__Lspace_4                      (abs)        00000
__Lstack                        stack        00000
__Lstrings                      strings      00000
__Ltext                         text         00000
__S0                            (abs)        00800
__S1                            (abs)        0007E
__S3                            (abs)        00000
___awmod                        text6        00727
___awmod@counter                cstackBANK0  0002A
___awmod@dividend               cstackBANK0  00027
___awmod@divisor                cstackBANK0  00025
___awmod@sign                   cstackBANK0  0002B
___heap_hi                      (abs)        00000
___heap_lo                      (abs)        00000
___int_sp                       stack        00000
___latbits                      (abs)        00000
___lmul                         text5        00676
___lmul@multiplicand            cstackCOMMON 00074
___lmul@multiplier              cstackCOMMON 00070
___lmul@product                 cstackCOMMON 00078
___sp                           stack        00000
___stackhi                      (abs)        00000
___stacklo                      (abs)        00000
__end_of_ADC_Initialize         text11       00621
__end_of_OSCILLATOR_Initialize  text10       00619
__end_of_PIN_MANAGER_Initialize text9        00645
__end_of_SYSTEM_Initialize      text7        00636
__end_of_WDT_Initialize         text8        0060C
__end_of___awmod                text6        0077B
__end_of___lmul                 text5        006A9
__end_of__initialization        cinit        007FE
__end_of_main                   maintext     00676
__end_of_mainLoop               text3        007EC
__end_of_rand                   text4        006E5
__end_of_randomSeed             text1        00727
__end_of_srand                  text2        00629
__initialization                cinit        007EC
__pbssBANK0                     bssBANK0     00045
__pcstackBANK0                  cstackBANK0  00020
__pcstackCOMMON                 cstackCOMMON 00070
__pdataBANK0                    dataBANK0    00035
__pidataBANK0                   idataBANK0   00645
__pmaintext                     maintext     00655
__ptext1                        text1        006E5
__ptext10                       text10       00612
__ptext11                       text11       00619
__ptext2                        text2        00621
__ptext3                        text3        0077B
__ptext4                        text4        006A9
__ptext5                        text5        00676
__ptext6                        text6        00727
__ptext7                        text7        00629
__ptext8                        text8        00608
__ptext9                        text9        00636
_main                           maintext     00655
_mainLoop                       text3        0077B
_rand                           text4        006A9
_randomSeed                     text1        006E5
_randx                          dataBANK0    00041
_srand                          text2        00621
btemp                           (abs)        0007E
end_of_initialization           cinit        007FE
init_ram                        inittext     0060C
intlevel0                       functab      00000
intlevel1                       functab      00000
intlevel2                       functab      00000
intlevel3                       functab      00000
intlevel4                       functab      00000
intlevel5                       functab      00000
mainLoop@a                      cstackBANK0  0002F
mainLoop@i                      cstackBANK0  00031
mainLoop@prev_dice              cstackBANK0  0002D
mainLoop@val_dice               cstackBANK0  00033
randomSeed@randomx              bssBANK0     00045
randomSeed@temp                 cstackCOMMON 00076
randomSeed@val                  cstackCOMMON 00072
reset_vec                       reset_vec    00000
srand@x                         cstackCOMMON 00070
start                           init         00001
start_initialization            cinit        007EC
wtemp0                          (abs)        0007E


MODULE INFORMATION

Module		Function		Class		Link	Load	Size
C:\Program Files\Microchip\xc8\v2.36\pic\sources\c90\common\awmod.c
		___awmod       		CODE           	0727	0000	84

C:\Program Files\Microchip\xc8\v2.36\pic\sources\c90\common\awmod.c estimated size: 84

mcc_generated_files/pin_manager.c
		_PIN_MANAGER_Initialize		CODE           	0636	0000	15

mcc_generated_files/pin_manager.c estimated size: 15

C:\Program Files\Microchip\xc8\v2.36\pic\sources\c90\common\rand.c
		_srand         		CODE           	0621	0000	8
		_rand          		CODE           	06A9	0000	60

C:\Program Files\Microchip\xc8\v2.36\pic\sources\c90\common\rand.c estimated size: 68

mcc_generated_files/adc.c
		_ADC_Initialize		CODE           	0619	0000	8

mcc_generated_files/adc.c estimated size: 8

shared
		__initialization		CODE           	07EC	0000	18

shared estimated size: 18

C:\Program Files\Microchip\xc8\v2.36\pic\sources\c90\common\Umul32.c
		___lmul        		CODE           	0676	0000	51

C:\Program Files\Microchip\xc8\v2.36\pic\sources\c90\common\Umul32.c estimated size: 51

mcc_generated_files/mcc.c
		_WDT_Initialize		CODE           	0608	0000	4
		_OSCILLATOR_Initialize		CODE           	0612	0000	7
		_SYSTEM_Initialize		CODE           	0629	0000	13

mcc_generated_files/mcc.c estimated size: 24

main.c
		_main          		CODE           	0655	0000	33
		_randomSeed    		CODE           	06E5	0000	66
		_mainLoop      		CODE           	077B	0000	113

main.c estimated size: 212

